        album         |   duration  
----------------------+-------------
Blood Sugar Sex Magik | 01:13:57.073
By The Way            | 01:08:49.951
Californication       | 00:56:25.461
