   name     | albums
------------+-------
Iron Maiden | 21
