      genre        |        track        |                           artist                          
-------------------+---------------------+-----------------------------------------------------------
Alternative        | Hunger Strike       | Temple of the Dog
Alternative        | Times of Troubl…    | Temple of the Dog
Alternative        | Pushin Forward …    | Temple of the Dog
Alternative & Punk | I Fought The La…    | The Clash
Alternative & Punk | Infeliz Natal       | Raimundos
Alternative & Punk | Redundant           | Green Day
Blues              | I Feel Free         | Eric Clapton
Blues              | Knockin On Heav…    | Eric Clapton
Blues              | Lay Down Sally      | Eric Clapton
Bossa Nova         | Onde Anda Você      | Toquinho & Vinícius
Bossa Nova         | Pot-Pourri N.º …    | Toquinho & Vinícius
Bossa Nova         | Pot-Pourri N.º …    | Toquinho & Vinícius
Classical          | Miserere mei, D…    | Richard Marlow & The Choir of Trinity College, Cambridge
Classical          | Fantasia On Gre…    | Academy of St. Martin in the Fields & Sir Neville Marriner
Classical          | Symphony No. 3 …    | Adrian Leaper & Doreen de Feis
Comedy             | Beach Games         | The Office
Comedy             | Producer's Cut:…    | The Office
Comedy             | The Negotiation     | The Office
Drama              | Homecoming          | Heroes
Drama              | Stranger In a S…    | Lost
Drama              | Past, Present, …    | Lost
Easy Listening     | Love And Marria…    | Frank Sinatra
Easy Listening     | I've Got You Un…    | Frank Sinatra
Easy Listening     | New York, New Y…    | Frank Sinatra
Electronica/Dance  | Light Years         | Jamiroquai
Electronica/Dance  | Journey To Arnh…    | Jamiroquai
Electronica/Dance  | Space Cowboy        | Jamiroquai
Heavy Metal        | Killers             | Iron Maiden
Heavy Metal        | Wrathchild          | Iron Maiden
Heavy Metal        | Acacia Avenue       | Iron Maiden
Hip Hop/Rap        | Shamrocks And S…    | House Of Pain
Hip Hop/Rap        | Commercial 1        | House Of Pain
Hip Hop/Rap        | Put On Your Shi…    | House Of Pain
Jazz               | Deep Waters         | Incognito
Jazz               | Best Thing          | Spyro Gyra
Jazz               | Midnight            | Spyro Gyra
Latin              | A Novidade          | Eric Clapton
Latin              | Quanta (Live)       | Gilberto Gil
Latin              | Meu Bem-Querer      | Djavan
Metal              | Looks That Kill     | Mötley Crüe
Metal              | Enter Sandman       | Metallica
Metal              | Sweet Lady Luck     | Lenny Kravitz
Opera              | Die Zauberflöte…    | Sir Georg Solti, Sumi Jo & Wiener Philharmoniker
Pop                | Nobody Told Me      | U2
Pop                | Dig-Dig, Lambe-…    | Various Artists
Pop                | Gimme Some Trut…    | U2
R&B/Soul           | Hot Pants Pt.1      | James Brown
R&B/Soul           | Living In Ameri…    | James Brown
R&B/Soul           | Butterfly           | Jamiroquai
Reggae             | Eu Também Quero…    | Cidade Negra
Reggae             | Pensamento          | Cidade Negra
Reggae             | A Cor Do Sol        | Cidade Negra
Rock               | In Bloom            | Nirvana
Rock               | Plush               | Stone Temple Pilots
Rock               | Daughter            | Pearl Jam
Rock And Roll      | Please Mr. Post…    | BackBeat
Rock And Roll      | Roadrunner          | BackBeat
Rock And Roll      | Carol               | BackBeat
Sci Fi & Fantasy   | Fire In Space       | Battlestar Galactica (Classic)
Sci Fi & Fantasy   | The Young Lords     | Battlestar Galactica (Classic)
Sci Fi & Fantasy   | Crossroads, Pt.…    | Battlestar Galactica
Science Fiction    | The Son Also Ri…    | Battlestar Galactica
Science Fiction    | Battlestar Gala…    | Battlestar Galactica
Science Fiction    | The Eye of Jupi…    | Battlestar Galactica
Soundtrack         | Koyaanisqatsi       | Philip Glass Ensemble
Soundtrack         | Always Forever …    | Passengers
Soundtrack         | A Different Kin…    | Passengers
TV Shows           | Six Months Ago      | Heroes
TV Shows           | "?"                 | Lost
TV Shows           | Live Together, …    | Lost
World              | I Ka Barra (You…    | Habib Koité and Bamada
World              | Din Din Wo (Lit…    | Habib Koité and Bamada
World              | É Fogo              | Mônica Marianno
